../Core/Src/main.c:126:5:main	8	static
../Core/Src/main.c:249:6:SystemClock_Config	96	static
../Core/Src/main.c:293:13:MX_ADC1_Init	48	static
../Core/Src/main.c:369:13:MX_USART2_UART_Init	8	static
../Core/Src/main.c:402:13:MX_DMA_Init	16	static
../Core/Src/main.c:420:13:MX_GPIO_Init	48	static
../Core/Src/main.c:457:19:Monitor_ADC_Init	8	static
../Core/Src/main.c:467:19:Monitor_ADC_Start	8	static
../Core/Src/main.c:478:6:HAL_ADC_ConvCpltCallback	16	static
../Core/Src/main.c:494:6:HAL_ADC_ErrorCallback	16	static
../Core/Src/main.c:509:6:Monitor_ADC_Convert	24	static
../Core/Src/main.c:538:13:Monitor_UART_Send	16	static
../Core/Src/main.c:563:13:StartTelemetryTask	288	static
../Core/Src/main.c:633:6:StartDefaultTask	32	static
../Core/Src/main.c:774:6:HAL_TIM_PeriodElapsedCallback	16	static
../Core/Src/main.c:792:6:Error_Handler	4	static,ignoring_inline_asm
