../Core/Src/main.c:126:5:main	5
../Core/Src/main.c:249:6:SystemClock_Config	4
../Core/Src/main.c:293:13:MX_ADC1_Init	5
../Core/Src/main.c:369:13:MX_USART2_UART_Init	2
../Core/Src/main.c:402:13:MX_DMA_Init	1
../Core/Src/main.c:420:13:MX_GPIO_Init	1
../Core/Src/main.c:457:19:Monitor_ADC_Init	1
../Core/Src/main.c:467:19:Monitor_ADC_Start	1
../Core/Src/main.c:478:6:HAL_ADC_ConvCpltCallback	3
../Core/Src/main.c:494:6:HAL_ADC_ErrorCallback	3
../Core/Src/main.c:509:6:Monitor_ADC_Convert	3
../Core/Src/main.c:538:13:Monitor_UART_Send	3
../Core/Src/main.c:563:13:StartTelemetryTask	5
../Core/Src/main.c:633:6:StartDefaultTask	7
../Core/Src/main.c:774:6:HAL_TIM_PeriodElapsedCallback	2
../Core/Src/main.c:792:6:Error_Handler	1
