../Core/Src/main.c:98:5:main	2
../Core/Src/main.c:189:6:SystemClock_Config	4
../Core/Src/main.c:233:13:MX_ADC1_Init	5
../Core/Src/main.c:309:13:MX_USART2_UART_Init	2
../Core/Src/main.c:342:13:MX_DMA_Init	1
../Core/Src/main.c:360:13:MX_GPIO_Init	1
../Core/Src/main.c:397:19:Monitor_ADC_Init	1
../Core/Src/main.c:407:19:Monitor_ADC_Start	1
../Core/Src/main.c:421:6:HAL_ADC_ConvCpltCallback	2
../Core/Src/main.c:431:6:HAL_ADC_ErrorCallback	2
../Core/Src/main.c:440:6:Monitor_ADC_Convert	3
../Core/Src/main.c:478:6:StartDefaultTask	10
../Core/Src/main.c:606:6:HAL_TIM_PeriodElapsedCallback	2
../Core/Src/main.c:624:6:Error_Handler	1
